// Jest Snapshot v1, https://goo.gl/fbAQLP

exports[`Typographic should render 1`] = `
<div>
  <p
    class="sc-dmqHEX hZDiJS"
  >
    heroverse
  </p>
</div>
`;
