// Jest Snapshot v1, https://goo.gl/fbAQLP

exports[`Button should render 1`] = `
<div>
  <button
    class="sc-dmqHEX gAtjyk"
  >
    <span>
      button
    </span>
  </button>
</div>
`;
