// Jest Snapshot v1, https://goo.gl/fbAQLP

exports[`Headline should render 1`] = `
<div>
  <h1
    class="sc-dmqHEX mdbIu"
    type="h1"
  >
    titulo
  </h1>
</div>
`;
